// Jest Snapshot v1, https://goo.gl/fbAQLP

exports[`<App /> renders create a team form 1`] = `
Array [
  <h1
    className="Heading-sc-1a24dwr-0 eiJqiJ"
  >
    Create a Team
  </h1>,
  <div
    className="SectionContainer-sc-1h7hs07-0 lhxZhT"
  >
    <div
      className="CenteredRow-sc-1446zpg-0 bqMlyu"
    >
      <input
        aria-label="Choose a team name"
        className="TextInput-sc-17mm9lu-0 GiantInput-sc-1xpf4pb-0 dwkaeV"
        onChange={[Function]}
        placeholder="Choose a team name"
      />
    </div>
    <div
      className="CenteredRow-sc-1446zpg-0 dFcFNQ"
    >
      <div>
        <div
          aria-expanded={false}
          aria-haspopup="listbox"
          aria-labelledby="downshift-0-label"
          aria-owns={null}
          className="Autocomplete-sc-18qws42-1 jEZDkd"
          role="combobox"
        >
          <input
            aria-activedescendant={null}
            aria-autocomplete="list"
            aria-controls={null}
            aria-labelledby="downshift-0-label"
            autoComplete="off"
            className="TextInput-sc-17mm9lu-0 GiantInput-sc-1xpf4pb-0 dwkaeV"
            id="downshift-0-input"
            onBlur={[Function]}
            onChange={[Function]}
            onKeyDown={[Function]}
            placeholder="Choose a Pokemon"
            value=""
          />
        </div>
      </div>
    </div>
  </div>,
]
`;

exports[`<App /> renders dashboard 1`] = `
Array [
  <h1
    className="Heading-sc-1a24dwr-0 eiJqiJ"
  >
    My Teams
  </h1>,
  <div
    className="SectionContainer-sc-1h7hs07-0 lhxZhT"
  >
    <div
      className="CenteredRow-sc-1446zpg-0 dFcFNQ"
    >
      <a
        className="Cta__CtaInternalLink-sc-1qsmnol-0 isVVbW"
        href="/team/create/"
        onClick={[Function]}
      >
        Create a team
      </a>
    </div>
    <div
      className="TeamGrid__CardGrid-sc-1wwzl6c-0 dDkaIx"
    >
      <article
        className="Card__CardWrapper-sc-1prdgex-0 hFLESf"
      >
        <header
          className="Card__CardHeader-sc-1prdgex-1 hpFuRB"
        >
          <h2
            className="CardHeading-esgf7h-0 hqHCZd"
          >
            Starters Team
          </h2>
        </header>
        <div
          className="Card__CardContent-sc-1prdgex-2 cyIVmL"
        >
          <div
            className="CardMeta__CardMetaWrapper-sc-6wqr52-0 hgGiwQ"
          >
            <div
              className="CardMeta__CardMetaItem-sc-6wqr52-1 bDCDfU"
            >
              <span
                className="CardMeta__CardMetaLabel-sc-6wqr52-2 bZDTki"
              >
                Pkmn
              </span>
              <span
                className="CardMeta__CardMetaValue-sc-6wqr52-3 dquxYs"
              >
                4
              </span>
            </div>
            <div
              className="CardMeta__CardMetaItem-sc-6wqr52-1 bDCDfU"
            >
              <span
                className="CardMeta__CardMetaLabel-sc-6wqr52-2 bZDTki"
              >
                Created
              </span>
              <span
                className="CardMeta__CardMetaValue-sc-6wqr52-3 dquxYs"
              >
                8/6/18
              </span>
            </div>
          </div>
          <div
            className="PokemonLine__Row-z6g3b0-0 kgmVFY"
          >
            <img
              alt="bulbasaur sprite"
              className="PokemonLine__RowImage-z6g3b0-1 ewsyct"
              src="/sprites/1.png"
            />
            <div>
              <div
                className="PokemonLine__RowTitle-z6g3b0-2 huXkVG"
              >
                #1 Bulbasaur
              </div>
              <ul
                className="InlineList-bwsyp4-0 bKIwJu"
              >
                <li>
                  <span
                    className="TypeTag-sc-19epxam-0 dCWWOO"
                    type="GRASS"
                  >
                    GRASS
                  </span>
                </li>
                <li>
                  <span
                    className="TypeTag-sc-19epxam-0 daqRLF"
                    type="POISON"
                  >
                    POISON
                  </span>
                </li>
              </ul>
            </div>
          </div>
          <div
            className="PokemonLine__Row-z6g3b0-0 eLaVlL"
          >
            <img
              alt="charmander sprite"
              className="PokemonLine__RowImage-z6g3b0-1 ewsyct"
              src="/sprites/4.png"
            />
            <div>
              <div
                className="PokemonLine__RowTitle-z6g3b0-2 huXkVG"
              >
                #4 Charmander
              </div>
              <ul
                className="InlineList-bwsyp4-0 bKIwJu"
              >
                <li>
                  <span
                    className="TypeTag-sc-19epxam-0 lnMICI"
                    type="FIRE"
                  >
                    FIRE
                  </span>
                </li>
              </ul>
            </div>
          </div>
          <div
            className="PokemonLine__Row-z6g3b0-0 iUdtBD"
          >
            <img
              alt="squirtle sprite"
              className="PokemonLine__RowImage-z6g3b0-1 ewsyct"
              src="/sprites/7.png"
            />
            <div>
              <div
                className="PokemonLine__RowTitle-z6g3b0-2 huXkVG"
              >
                #7 Squirtle
              </div>
              <ul
                className="InlineList-bwsyp4-0 bKIwJu"
              >
                <li>
                  <span
                    className="TypeTag-sc-19epxam-0 HMLnI"
                    type="WATER"
                  >
                    WATER
                  </span>
                </li>
              </ul>
            </div>
          </div>
          <div
            className="PokemonLine__Row-z6g3b0-0 geQAmh"
          >
            <img
              alt="pikachu sprite"
              className="PokemonLine__RowImage-z6g3b0-1 ewsyct"
              src="/sprites/25.png"
            />
            <div>
              <div
                className="PokemonLine__RowTitle-z6g3b0-2 huXkVG"
              >
                #25 Pikachu
              </div>
              <ul
                className="InlineList-bwsyp4-0 bKIwJu"
              >
                <li>
                  <span
                    className="TypeTag-sc-19epxam-0 eoDTXf"
                    type="ELECTRIC"
                  >
                    ELECTRIC
                  </span>
                </li>
              </ul>
            </div>
          </div>
        </div>
      </article>
      <article
        className="Card__CardWrapper-sc-1prdgex-0 hFLESf"
      >
        <header
          className="Card__CardHeader-sc-1prdgex-1 iQgYsh"
        >
          <h2
            className="CardHeading-esgf7h-0 hqHCZd"
          >
            Pikachu Team
          </h2>
        </header>
        <div
          className="Card__CardContent-sc-1prdgex-2 cyIVmL"
        >
          <div
            className="CardMeta__CardMetaWrapper-sc-6wqr52-0 hgGiwQ"
          >
            <div
              className="CardMeta__CardMetaItem-sc-6wqr52-1 bDCDfU"
            >
              <span
                className="CardMeta__CardMetaLabel-sc-6wqr52-2 bZDTki"
              >
                Pkmn
              </span>
              <span
                className="CardMeta__CardMetaValue-sc-6wqr52-3 dquxYs"
              >
                6
              </span>
            </div>
            <div
              className="CardMeta__CardMetaItem-sc-6wqr52-1 bDCDfU"
            >
              <span
                className="CardMeta__CardMetaLabel-sc-6wqr52-2 bZDTki"
              >
                Created
              </span>
              <span
                className="CardMeta__CardMetaValue-sc-6wqr52-3 dquxYs"
              >
                8/6/18
              </span>
            </div>
          </div>
          <div
            className="PokemonLine__Row-z6g3b0-0 geQAmh"
          >
            <img
              alt="pikachu sprite"
              className="PokemonLine__RowImage-z6g3b0-1 ewsyct"
              src="/sprites/25.png"
            />
            <div>
              <div
                className="PokemonLine__RowTitle-z6g3b0-2 huXkVG"
              >
                #25 Pikachu
              </div>
              <ul
                className="InlineList-bwsyp4-0 bKIwJu"
              >
                <li>
                  <span
                    className="TypeTag-sc-19epxam-0 eoDTXf"
                    type="ELECTRIC"
                  >
                    ELECTRIC
                  </span>
                </li>
              </ul>
            </div>
          </div>
          <div
            className="PokemonLine__Row-z6g3b0-0 geQAmh"
          >
            <img
              alt="pikachu sprite"
              className="PokemonLine__RowImage-z6g3b0-1 ewsyct"
              src="/sprites/25.png"
            />
            <div>
              <div
                className="PokemonLine__RowTitle-z6g3b0-2 huXkVG"
              >
                #25 Pikachu
              </div>
              <ul
                className="InlineList-bwsyp4-0 bKIwJu"
              >
                <li>
                  <span
                    className="TypeTag-sc-19epxam-0 eoDTXf"
                    type="ELECTRIC"
                  >
                    ELECTRIC
                  </span>
                </li>
              </ul>
            </div>
          </div>
          <div
            className="PokemonLine__Row-z6g3b0-0 geQAmh"
          >
            <img
              alt="pikachu sprite"
              className="PokemonLine__RowImage-z6g3b0-1 ewsyct"
              src="/sprites/25.png"
            />
            <div>
              <div
                className="PokemonLine__RowTitle-z6g3b0-2 huXkVG"
              >
                #25 Pikachu
              </div>
              <ul
                className="InlineList-bwsyp4-0 bKIwJu"
              >
                <li>
                  <span
                    className="TypeTag-sc-19epxam-0 eoDTXf"
                    type="ELECTRIC"
                  >
                    ELECTRIC
                  </span>
                </li>
              </ul>
            </div>
          </div>
          <div
            className="PokemonLine__Row-z6g3b0-0 geQAmh"
          >
            <img
              alt="pikachu sprite"
              className="PokemonLine__RowImage-z6g3b0-1 ewsyct"
              src="/sprites/25.png"
            />
            <div>
              <div
                className="PokemonLine__RowTitle-z6g3b0-2 huXkVG"
              >
                #25 Pikachu
              </div>
              <ul
                className="InlineList-bwsyp4-0 bKIwJu"
              >
                <li>
                  <span
                    className="TypeTag-sc-19epxam-0 eoDTXf"
                    type="ELECTRIC"
                  >
                    ELECTRIC
                  </span>
                </li>
              </ul>
            </div>
          </div>
          <div
            className="PokemonLine__Row-z6g3b0-0 geQAmh"
          >
            <img
              alt="pikachu sprite"
              className="PokemonLine__RowImage-z6g3b0-1 ewsyct"
              src="/sprites/25.png"
            />
            <div>
              <div
                className="PokemonLine__RowTitle-z6g3b0-2 huXkVG"
              >
                #25 Pikachu
              </div>
              <ul
                className="InlineList-bwsyp4-0 bKIwJu"
              >
                <li>
                  <span
                    className="TypeTag-sc-19epxam-0 eoDTXf"
                    type="ELECTRIC"
                  >
                    ELECTRIC
                  </span>
                </li>
              </ul>
            </div>
          </div>
          <div
            className="PokemonLine__Row-z6g3b0-0 geQAmh"
          >
            <img
              alt="pikachu sprite"
              className="PokemonLine__RowImage-z6g3b0-1 ewsyct"
              src="/sprites/25.png"
            />
            <div>
              <div
                className="PokemonLine__RowTitle-z6g3b0-2 huXkVG"
              >
                #25 Pikachu
              </div>
              <ul
                className="InlineList-bwsyp4-0 bKIwJu"
              >
                <li>
                  <span
                    className="TypeTag-sc-19epxam-0 eoDTXf"
                    type="ELECTRIC"
                  >
                    ELECTRIC
                  </span>
                </li>
              </ul>
            </div>
          </div>
        </div>
      </article>
      <article
        className="Card__CardWrapper-sc-1prdgex-0 hFLESf"
      >
        <header
          className="Card__CardHeader-sc-1prdgex-1 ixIMHb"
        >
          <h2
            className="CardHeading-esgf7h-0 hqHCZd"
          >
            Pikachu Team
          </h2>
        </header>
        <div
          className="Card__CardContent-sc-1prdgex-2 cyIVmL"
        >
          <div
            className="CardMeta__CardMetaWrapper-sc-6wqr52-0 hgGiwQ"
          >
            <div
              className="CardMeta__CardMetaItem-sc-6wqr52-1 bDCDfU"
            >
              <span
                className="CardMeta__CardMetaLabel-sc-6wqr52-2 bZDTki"
              >
                Pkmn
              </span>
              <span
                className="CardMeta__CardMetaValue-sc-6wqr52-3 dquxYs"
              >
                3
              </span>
            </div>
            <div
              className="CardMeta__CardMetaItem-sc-6wqr52-1 bDCDfU"
            >
              <span
                className="CardMeta__CardMetaLabel-sc-6wqr52-2 bZDTki"
              >
                Created
              </span>
              <span
                className="CardMeta__CardMetaValue-sc-6wqr52-3 dquxYs"
              >
                8/6/18
              </span>
            </div>
          </div>
          <div
            className="PokemonLine__Row-z6g3b0-0 geQAmh"
          >
            <img
              alt="pikachu sprite"
              className="PokemonLine__RowImage-z6g3b0-1 ewsyct"
              src="/sprites/25.png"
            />
            <div>
              <div
                className="PokemonLine__RowTitle-z6g3b0-2 huXkVG"
              >
                #25 Pikachu
              </div>
              <ul
                className="InlineList-bwsyp4-0 bKIwJu"
              >
                <li>
                  <span
                    className="TypeTag-sc-19epxam-0 eoDTXf"
                    type="ELECTRIC"
                  >
                    ELECTRIC
                  </span>
                </li>
              </ul>
            </div>
          </div>
          <div
            className="PokemonLine__Row-z6g3b0-0 geQAmh"
          >
            <img
              alt="pikachu sprite"
              className="PokemonLine__RowImage-z6g3b0-1 ewsyct"
              src="/sprites/25.png"
            />
            <div>
              <div
                className="PokemonLine__RowTitle-z6g3b0-2 huXkVG"
              >
                #25 Pikachu
              </div>
              <ul
                className="InlineList-bwsyp4-0 bKIwJu"
              >
                <li>
                  <span
                    className="TypeTag-sc-19epxam-0 eoDTXf"
                    type="ELECTRIC"
                  >
                    ELECTRIC
                  </span>
                </li>
              </ul>
            </div>
          </div>
          <div
            className="PokemonLine__Row-z6g3b0-0 geQAmh"
          >
            <img
              alt="pikachu sprite"
              className="PokemonLine__RowImage-z6g3b0-1 ewsyct"
              src="/sprites/25.png"
            />
            <div>
              <div
                className="PokemonLine__RowTitle-z6g3b0-2 huXkVG"
              >
                #25 Pikachu
              </div>
              <ul
                className="InlineList-bwsyp4-0 bKIwJu"
              >
                <li>
                  <span
                    className="TypeTag-sc-19epxam-0 eoDTXf"
                    type="ELECTRIC"
                  >
                    ELECTRIC
                  </span>
                </li>
              </ul>
            </div>
          </div>
        </div>
      </article>
    </div>
  </div>,
]
`;
